
> collectors-vault-client@1.0.0 build
> set "GENERATE_SOURCEMAP=false" && set "NODE_OPTIONS=--openssl-legacy-provider --no-deprecation" && react-scripts build

Creating an optimized production build...
Failed to compile.

TS2708: Cannot use namespace 'jest' as a value.
  [0m [90m 4 |[39m [36mimport[39m [33m*[39m [36mas[39m api [36mfrom[39m [32m'../../services/api'[39m[33m;[39m
   [90m 5 |[39m
  [31m[1m>[22m[39m[90m 6 |[39m jest[33m.[39mmock([32m'../../services/api'[39m[33m,[39m () [33m=>[39m ({
   [90m   |[39m [31m[1m^[22m[39m[31m[1m^[22m[39m[31m[1m^[22m[39m[31m[1m^[22m[39m
   [90m 7 |[39m     fetchItems[33m:[39m jest[33m.[39mfn()[33m,[39m
   [90m 8 |[39m     addBook[33m:[39m jest[33m.[39mfn()[33m,[39m
   [90m 9 |[39m     addMovie[33m:[39m jest[33m.[39mfn()[33m,[39m[0m


